// Jest Snapshot v1, https://goo.gl/fbAQLP

exports[`snapshot 1`] = `
<h3
  onClick={[Function]}
>
  <img
    alt=""
    height="50"
  />
   
</h3>
`;
